// Jest Snapshot v1, https://goo.gl/fbAQLP

exports[`The Coin component renders as expected matching snapshot 1`] = `
<div
  className="border bg-gray-200 dark:bg-gray-800  hover:border-yellow-600 hover:bg-gray-300 dark:hover:bg-gray-700 shadow mx-auto sm:w-full text-center w-7/8 flex flex-col sm:flex-row justify-between"
  id=""
>
  <div
    className="p-2 text-lg sm:w-1/5"
  >
    <a
      href="/coin/"
      onClick={[Function]}
    >
      
    </a>
  </div>
  <div
    className="p-2 sm:w-1/5 text-xl"
  >
    <p>
      
    </p>
  </div>
  <div
    className="p-2 sm:w-1/5"
  >
    <p
      className="hidden sm:block"
    >
      $ 
    </p>
    <p
      className="sm:hidden text-xl"
    >
      $ 
    </p>
  </div>
  <div
    className="text-red-700 p-2 font-semibold sm:w-1/5"
  >
    <p>
       %
    </p>
  </div>
  <div
    className="p-2 sm:w-1/5 text-center"
  >
    <a
      href="/coin/"
      onClick={[Function]}
    >
      <p
        className="rounded-full mx-auto h-7 w-7 hover:text-gray-800 text-semibold border border-gray-600 flex items-center justify-center"
      >
        +
      </p>
    </a>
  </div>
</div>
`;
